******************************************************************************
                  TI ARM Linker PC v20.2.7                     
******************************************************************************
>> Linked Sat Mar  4 23:47:06 2023

OUTPUT FILE NAME:   <EDL_MFRC_REGISTER.out>
ENTRY POINT SYMBOL: "_c_int00_noargs"  address: 00002e0d


MEMORY CONFIGURATION

         name            origin    length      used     unused   attr    fill
----------------------  --------  ---------  --------  --------  ----  --------
  FLASH                 00000000   00040000  00003130  0003ced0  R  X
  SRAM                  20000000   00008000  00000239  00007dc7  RW X


SEGMENT ALLOCATION MAP

run origin  load origin   length   init length attrs members
----------  ----------- ---------- ----------- ----- -------
00000000    00000000    00003130   00003130    r-x
  00000000    00000000    0000026c   0000026c    r-- .intvecs
  0000026c    0000026c    00002d64   00002d64    r-x .text
  00002fd0    00002fd0    00000130   00000130    r-- .const
  00003100    00003100    00000030   00000030    r-- .cinit
20000000    20000000    0000023c   00000000    rw-
  20000000    20000000    00000200   00000000    rw- .stack
  20000200    20000200    00000035   00000000    rw- .bss
  20000238    20000238    00000004   00000000    rw- .data


SECTION ALLOCATION MAP

 output                                  attributes/
section   page    origin      length       input sections
--------  ----  ----------  ----------   ----------------
.intvecs   0    00000000    0000026c     
                  00000000    0000026c     tm4c123gh6pm_startup_ccs.obj (.intvecs)

.text      0    0000026c    00002d64     
                  0000026c    000009d0     rtsv7M4_T_le_v4SPD16_eabi.lib : e_pow.c.obj (.text:pow)
                  00000c3c    00000868     register.obj (.text)
                  000014a4    00000784     Mfrc522.obj (.text)
                  00001c28    0000027c     lcd.obj (.text)
                  00001ea4    000001b6     rtsv7M4_T_le_v4SPD16_eabi.lib : fd_add_t2.asm.obj (.text)
                  0000205a    00000002     --HOLE-- [fill = 0]
                  0000205c    0000016c     driverlib.lib : gpio.obj (.text:GPIOPadConfigSet)
                  000021c8    00000158     rtsv7M4_T_le_v4SPD16_eabi.lib : e_sqrt.c.obj (.text:sqrt)
                  00002320    00000136                                   : fd_div_t2.asm.obj (.text)
                  00002456    00000002     --HOLE-- [fill = 0]
                  00002458    00000118     driverlib.lib : sysctl.obj (.text:SysCtlClockGet)
                  00002570    00000110     rtsv7M4_T_le_v4SPD16_eabi.lib : s_scalbn.c.obj (.text:scalbn)
                  00002680    000000fc                                   : fd_mul_t2.asm.obj (.text)
                  0000277c    000000f4     driverlib.lib : sysctl.obj (.text:SysCtlClockSet)
                  00002870    000000c4                   : eeprom.obj (.text:EEPROMProgram)
                  00002934    0000009c     rtsv7M4_T_le_v4SPD16_eabi.lib : memcpy_t2.asm.obj (.text)
                  000029d0    00000086                                   : fd_cmp_t2.asm.obj (.text:__aeabi_cdcmple)
                  00002a56    00000086                                   : fd_cmp_t2.asm.obj (.text:__aeabi_cdrcmple)
                  00002adc    00000068                                   : copy_decompress_lzss.c.obj (.text:decompress:lzss:__TI_decompress_lzss)
                  00002b44    00000050     driverlib.lib : sysctl.obj (.text:SysCtlPeripheralReset)
                  00002b94    0000004c                   : gpio.obj (.text:GPIOPinConfigure)
                  00002be0    00000048     rtsv7M4_T_le_v4SPD16_eabi.lib : fd_toi_t2.asm.obj (.text)
                  00002c28    00000046     driverlib.lib : uart.obj (.text:UARTConfigSetExpClk)
                  00002c6e    00000002     --HOLE-- [fill = 0]
                  00002c70    00000044     rtsv7M4_T_le_v4SPD16_eabi.lib : autoinit.c.obj (.text:__TI_auto_init_nobinit_nopinit:__TI_auto_init_nobinit_nopinit)
                  00002cb4    00000040     driverlib.lib : eeprom.obj (.text:EEPROMInit)
                  00002cf4    0000003c                   : ssi.obj (.text:SSIConfigSetExpClk)
                  00002d30    0000003c                   : eeprom.obj (.text:_EEPROMSectorMaskSet)
                  00002d6c    00000038                   : eeprom.obj (.text:EEPROMRead)
                  00002da4    00000034                   : sysctl.obj (.text:SysCtlPeripheralEnable)
                  00002dd8    00000034                   : eeprom.obj (.text:_EEPROMSectorMaskClear)
                  00002e0c    00000034     rtsv7M4_T_le_v4SPD16_eabi.lib : boot_cortex_m.c.obj (.text:_c_int00_noargs:_c_int00_noargs)
                  00002e40    0000002e                                   : i_tofd_t2.asm.obj (.text)
                  00002e6e    0000002c     driverlib.lib : gpio.obj (.text:GPIODirModeSet)
                  00002e9a    00000002     --HOLE-- [fill = 0]
                  00002e9c    00000020                   : uart.obj (.text:UARTDisable)
                  00002ebc    0000001c     rtsv7M4_T_le_v4SPD16_eabi.lib : copy_zero_init.c.obj (.text:decompress:ZI:__TI_zero_init_nomemset:__TI_zero_init_nomemset)
                  00002ed8    0000001a     driverlib.lib : gpio.obj (.text:GPIOPinTypeGPIOOutput)
                  00002ef2    0000001a     rtsv7M4_T_le_v4SPD16_eabi.lib : s_copysign.c.obj (.text:copysign)
                  00002f0c    00000016     driverlib.lib : gpio.obj (.text:GPIOPinTypeSSI)
                  00002f22    00000016                   : gpio.obj (.text:GPIOPinTypeUART)
                  00002f38    00000014                   : uart.obj (.text:UARTEnable)
                  00002f4c    00000010                   : eeprom.obj (.text:_EEPROMWaitForDone)
                  00002f5c    0000000e     rtsv7M4_T_le_v4SPD16_eabi.lib : copy_decompress_none.c.obj (.text:decompress:none:__TI_decompress_none)
                  00002f6a    0000000c     driverlib.lib : ssi.obj (.text:SSIDataGet)
                  00002f76    0000000c     tm4c123gh6pm_startup_ccs.obj (.text)
                  00002f82    0000000a     driverlib.lib : ssi.obj (.text:SSIDataPut)
                  00002f8c    0000000a                   : ssi.obj (.text:SSIEnable)
                  00002f96    0000000a                   : uart.obj (.text:UARTCharGet)
                  00002fa0    0000000a                   : uart.obj (.text:UARTCharPut)
                  00002faa    00000008                   : ssi.obj (.text:SSIBusy)
                  00002fb2    00000002     --HOLE-- [fill = 0]
                  00002fb4    00000008     rtsv7M4_T_le_v4SPD16_eabi.lib : errno.c.obj (.text:__aeabi_errno_addr)
                  00002fbc    00000006     driverlib.lib : gpio.obj (.text:GPIOPinWrite)
                  00002fc2    00000006                   : sysctl.obj (.text:SysCtlDelay)
                  00002fc8    00000004     rtsv7M4_T_le_v4SPD16_eabi.lib : pre_init.c.obj (.text:_system_pre_init)
                  00002fcc    00000004                                   : exit.c.obj (.text:abort:abort)

.const     0    00002fd0    00000130     
                  00002fd0    00000090     driverlib.lib : gpio.obj (.const:g_pui32GPIOBaseAddrs)
                  00003060    0000006c                   : sysctl.obj (.const:g_pui32Xtals)
                  000030cc    00000004     --HOLE-- [fill = 0]
                  000030d0    00000030     rtsv7M4_T_le_v4SPD16_eabi.lib : e_pow.c.obj (.const:$O1$$)

.cinit     0    00003100    00000030     
                  00003100    0000000c     (__TI_handler_table)
                  0000310c    00000004     --HOLE-- [fill = 0]
                  00003110    00000008     (.cinit..bss.load) [load image, compression = zero_init]
                  00003118    00000007     (.cinit..data.load) [load image, compression = lzss]
                  0000311f    00000001     --HOLE-- [fill = 0]
                  00003120    00000010     (__TI_cinit_table)

.init_array 
*          0    00000000    00000000     UNINITIALIZED

.bss       0    20000200    00000035     UNINITIALIZED
                  20000200    00000010     (.common:rollNo)
                  20000210    00000010     (.common:str)
                  20000220    0000000c     (.common:cardID)
                  2000022c    00000008     (.common:key)
                  20000234    00000001     (.common:status)

.data      0    20000238    00000004     UNINITIALIZED
                  20000238    00000004     rtsv7M4_T_le_v4SPD16_eabi.lib : errno.c.obj (.data)

.stack     0    20000000    00000200     UNINITIALIZED
                  20000000    00000004     rtsv7M4_T_le_v4SPD16_eabi.lib : boot_cortex_m.c.obj (.stack)
                  20000004    000001fc     --HOLE--

__llvm_prf_cnts 
*          0    20000000    00000000     UNINITIALIZED

MODULE SUMMARY

       Module                         code    ro data   rw data
       ------                         ----    -------   -------
    .\
       register.obj                   2152    0         53     
       Mfrc522.obj                    1924    0         0      
       lcd.obj                        636     0         0      
       tm4c123gh6pm_startup_ccs.obj   12      620       0      
    +--+------------------------------+-------+---------+---------+
       Total:                         4724    620       53     
                                                               
    C:/ti/TivaWare_C_Series-2.2.0.295/driverlib/ccs/Debug/driverlib.lib
       sysctl.obj                     662     108       0      
       gpio.obj                       560     144       0      
       eeprom.obj                     444     0         0      
       uart.obj                       142     0         0      
       ssi.obj                        100     0         0      
    +--+------------------------------+-------+---------+---------+
       Total:                         1908    252       0      
                                                               
    C:\ti\ccs1210\ccs\tools\compiler\ti-cgt-arm_20.2.7.LTS\lib\rtsv7M4_T_le_v4SPD16_eabi.lib
       e_pow.c.obj                    2512    48        0      
       fd_add_t2.asm.obj              438     0         0      
       e_sqrt.c.obj                   344     0         0      
       fd_div_t2.asm.obj              310     0         0      
       s_scalbn.c.obj                 272     0         0      
       fd_cmp_t2.asm.obj              268     0         0      
       fd_mul_t2.asm.obj              252     0         0      
       memcpy_t2.asm.obj              156     0         0      
       copy_decompress_lzss.c.obj     104     0         0      
       fd_toi_t2.asm.obj              72      0         0      
       autoinit.c.obj                 68      0         0      
       boot_cortex_m.c.obj            52      0         0      
       i_tofd_t2.asm.obj              46      0         0      
       copy_zero_init.c.obj           28      0         0      
       s_copysign.c.obj               26      0         0      
       copy_decompress_none.c.obj     14      0         0      
       errno.c.obj                    8       0         4      
       exit.c.obj                     4       0         0      
       pre_init.c.obj                 4       0         0      
    +--+------------------------------+-------+---------+---------+
       Total:                         4978    48        4      
                                                               
       Stack:                         0       0         512    
       Linker Generated:              0       43        0      
    +--+------------------------------+-------+---------+---------+
       Grand Total:                   11610   963       569    


LINKER GENERATED COPY TABLES

__TI_cinit_table @ 00003120 records: 2, size/record: 8, table size: 16
	.bss: load addr=00003110, load size=00000008 bytes, run addr=20000200, run size=00000035 bytes, compression=zero_init
	.data: load addr=00003118, load size=00000007 bytes, run addr=20000238, run size=00000004 bytes, compression=lzss


LINKER GENERATED HANDLER TABLE

__TI_handler_table @ 00003100 records: 3, size/record: 4, table size: 12
	index: 0, handler: __TI_decompress_lzss
	index: 1, handler: __TI_decompress_none
	index: 2, handler: __TI_zero_init


GLOBAL SYMBOLS: SORTED ALPHABETICALLY BY Name 

address   name                          
-------   ----                          
000015ed  AntennaOff                    
000015cd  AntennaOn                     
00001875  Anticoll                      
00001a1b  Auth                          
00002fcd  C$$EXIT                       
00001905  CalulateCRC                   
000015a3  ClearBitMask                  
00002cb5  EEPROMInit                    
00002871  EEPROMProgram                 
00002d6d  EEPROMRead                    
00002e6f  GPIODirModeSet                
0000205d  GPIOPadConfigSet              
00002b95  GPIOPinConfigure              
00002ed9  GPIOPinTypeGPIOOutput         
00002f0d  GPIOPinTypeSSI                
00002f23  GPIOPinTypeUART               
00002fbd  GPIOPinWrite                  
00001bfd  Halt                          
00001605  Init                          
00001ad3  ReadBlock                     
00001537  ReadReg                       
00001673  Request                       
000015f9  Reset                         
00002f77  ResetISR                      
000014a5  SPI_transfer                  
000014d3  SPI_transferW                 
00002fab  SSIBusy                       
00002cf5  SSIConfigSetExpClk            
00002f6b  SSIDataGet                    
00002f83  SSIDataPut                    
00002f8d  SSIEnable                     
00001991  SelectTag                     
00001579  SetBitMask                    
00002459  SysCtlClockGet                
0000277d  SysCtlClockSet                
00002fc3  SysCtlDelay                   
00002da5  SysCtlPeripheralEnable        
00002b45  SysCtlPeripheralReset         
000016c1  ToCard                        
00002f97  UARTCharGet                   
00002fa1  UARTCharPut                   
00002c29  UARTConfigSetExpClk           
00002e9d  UARTDisable                   
00002f39  UARTEnable                    
00001b27  WriteBlock                    
000014fd  WriteReg                      
20000200  __STACK_END                   
00000200  __STACK_SIZE                  
20000200  __STACK_TOP                   
00003120  __TI_CINIT_Base               
00003130  __TI_CINIT_Limit              
00003100  __TI_Handler_Table_Base       
0000310c  __TI_Handler_Table_Limit      
00002c71  __TI_auto_init_nobinit_nopinit
00002add  __TI_decompress_lzss          
00002f5d  __TI_decompress_none          
ffffffff  __TI_pprof_out_hndl           
ffffffff  __TI_prof_data_size           
ffffffff  __TI_prof_data_start          
00000000  __TI_static_base__            
00002ebd  __TI_zero_init_nomemset       
000029d1  __aeabi_cdcmpeq               
000029d1  __aeabi_cdcmple               
00002a57  __aeabi_cdrcmple              
00002be1  __aeabi_d2iz                  
00001eaf  __aeabi_dadd                  
00002321  __aeabi_ddiv                  
00002681  __aeabi_dmul                  
00001ea5  __aeabi_dsub                  
00002fb5  __aeabi_errno_addr            
00002e41  __aeabi_i2d                   
00002935  __aeabi_memcpy                
00002935  __aeabi_memcpy4               
00002935  __aeabi_memcpy8               
ffffffff  __binit__                     
ffffffff  __c_args__                    
UNDEFED   __mpu_init                    
20000000  __stack                       
20000000  __start___llvm_prf_cnts       
20000000  __stop___llvm_prf_cnts        
00002e0d  _c_int00_noargs               
UNDEFED   _system_post_cinit            
00002fc9  _system_pre_init              
00002fcd  abort                         
ffffffff  binit                         
20000220  cardID                        
00002ef3  copysign                      
00002ef3  copysignl                     
20000238  errno                         
00000000  g_pfnVectors                  
00001361  hardware_init                 
2000022c  key                           
00001cd1  lcd_char                      
00001c8f  lcd_command                   
00001d31  lcd_cursor                    
00001dd7  lcd_hex                       
00001e1d  lcd_hex_char                  
00001c4f  lcd_init                      
00001c29  lcd_portconfig                
00001d53  lcd_print                     
00001d15  lcd_string                    
00002571  ldexp                         
00002571  ldexpl                        
00000c3d  main                          
00002935  memcpy                        
0000026d  pow                           
0000026d  powl                          
20000200  rollNo                        
00002571  scalbn                        
00002571  scalbnl                       
000021c9  sqrt                          
000021c9  sqrtl                         
20000234  status                        
20000210  str                           


GLOBAL SYMBOLS: SORTED BY Symbol Address 

address   name                          
-------   ----                          
00000000  __TI_static_base__            
00000000  g_pfnVectors                  
00000200  __STACK_SIZE                  
0000026d  pow                           
0000026d  powl                          
00000c3d  main                          
00001361  hardware_init                 
000014a5  SPI_transfer                  
000014d3  SPI_transferW                 
000014fd  WriteReg                      
00001537  ReadReg                       
00001579  SetBitMask                    
000015a3  ClearBitMask                  
000015cd  AntennaOn                     
000015ed  AntennaOff                    
000015f9  Reset                         
00001605  Init                          
00001673  Request                       
000016c1  ToCard                        
00001875  Anticoll                      
00001905  CalulateCRC                   
00001991  SelectTag                     
00001a1b  Auth                          
00001ad3  ReadBlock                     
00001b27  WriteBlock                    
00001bfd  Halt                          
00001c29  lcd_portconfig                
00001c4f  lcd_init                      
00001c8f  lcd_command                   
00001cd1  lcd_char                      
00001d15  lcd_string                    
00001d31  lcd_cursor                    
00001d53  lcd_print                     
00001dd7  lcd_hex                       
00001e1d  lcd_hex_char                  
00001ea5  __aeabi_dsub                  
00001eaf  __aeabi_dadd                  
0000205d  GPIOPadConfigSet              
000021c9  sqrt                          
000021c9  sqrtl                         
00002321  __aeabi_ddiv                  
00002459  SysCtlClockGet                
00002571  ldexp                         
00002571  ldexpl                        
00002571  scalbn                        
00002571  scalbnl                       
00002681  __aeabi_dmul                  
0000277d  SysCtlClockSet                
00002871  EEPROMProgram                 
00002935  __aeabi_memcpy                
00002935  __aeabi_memcpy4               
00002935  __aeabi_memcpy8               
00002935  memcpy                        
000029d1  __aeabi_cdcmpeq               
000029d1  __aeabi_cdcmple               
00002a57  __aeabi_cdrcmple              
00002add  __TI_decompress_lzss          
00002b45  SysCtlPeripheralReset         
00002b95  GPIOPinConfigure              
00002be1  __aeabi_d2iz                  
00002c29  UARTConfigSetExpClk           
00002c71  __TI_auto_init_nobinit_nopinit
00002cb5  EEPROMInit                    
00002cf5  SSIConfigSetExpClk            
00002d6d  EEPROMRead                    
00002da5  SysCtlPeripheralEnable        
00002e0d  _c_int00_noargs               
00002e41  __aeabi_i2d                   
00002e6f  GPIODirModeSet                
00002e9d  UARTDisable                   
00002ebd  __TI_zero_init_nomemset       
00002ed9  GPIOPinTypeGPIOOutput         
00002ef3  copysign                      
00002ef3  copysignl                     
00002f0d  GPIOPinTypeSSI                
00002f23  GPIOPinTypeUART               
00002f39  UARTEnable                    
00002f5d  __TI_decompress_none          
00002f6b  SSIDataGet                    
00002f77  ResetISR                      
00002f83  SSIDataPut                    
00002f8d  SSIEnable                     
00002f97  UARTCharGet                   
00002fa1  UARTCharPut                   
00002fab  SSIBusy                       
00002fb5  __aeabi_errno_addr            
00002fbd  GPIOPinWrite                  
00002fc3  SysCtlDelay                   
00002fc9  _system_pre_init              
00002fcd  C$$EXIT                       
00002fcd  abort                         
00003100  __TI_Handler_Table_Base       
0000310c  __TI_Handler_Table_Limit      
00003120  __TI_CINIT_Base               
00003130  __TI_CINIT_Limit              
20000000  __stack                       
20000000  __start___llvm_prf_cnts       
20000000  __stop___llvm_prf_cnts        
20000200  __STACK_END                   
20000200  __STACK_TOP                   
20000200  rollNo                        
20000210  str                           
20000220  cardID                        
2000022c  key                           
20000234  status                        
20000238  errno                         
ffffffff  __TI_pprof_out_hndl           
ffffffff  __TI_prof_data_size           
ffffffff  __TI_prof_data_start          
ffffffff  __binit__                     
ffffffff  __c_args__                    
ffffffff  binit                         
UNDEFED   __mpu_init                    
UNDEFED   _system_post_cinit            

[114 symbols]
