******************************************************************************
                  TI ARM Linker PC v20.2.7                     
******************************************************************************
>> Linked Mon Mar 13 14:36:59 2023

OUTPUT FILE NAME:   <EDL_MFRC_UNREGISTER.out>
ENTRY POINT SYMBOL: "_c_int00_noargs"  address: 00002d9d


MEMORY CONFIGURATION

         name            origin    length      used     unused   attr    fill
----------------------  --------  ---------  --------  --------  ----  --------
  FLASH                 00000000   00040000  000030c0  0003cf40  R  X
  SRAM                  20000000   00008000  00000239  00007dc7  RW X


SEGMENT ALLOCATION MAP

run origin  load origin   length   init length attrs members
----------  ----------- ---------- ----------- ----- -------
00000000    00000000    000030c0   000030c0    r-x
  00000000    00000000    0000026c   0000026c    r-- .intvecs
  0000026c    0000026c    00002cf4   00002cf4    r-x .text
  00002f60    00002f60    00000130   00000130    r-- .const
  00003090    00003090    00000030   00000030    r-- .cinit
20000000    20000000    0000023c   00000000    rw-
  20000000    20000000    00000200   00000000    rw- .stack
  20000200    20000200    00000035   00000000    rw- .bss
  20000238    20000238    00000004   00000000    rw- .data


SECTION ALLOCATION MAP

 output                                  attributes/
section   page    origin      length       input sections
--------  ----  ----------  ----------   ----------------
.intvecs   0    00000000    0000026c     
                  00000000    0000026c     tm4c123gh6pm_startup_ccs.obj (.intvecs)

.text      0    0000026c    00002cf4     
                  0000026c    000009d0     rtsv7M4_T_le_v4SPD16_eabi.lib : e_pow.c.obj (.text:pow)
                  00000c3c    000007f8     unregister.obj (.text)
                  00001434    00000784     Mfrc522.obj (.text)
                  00001bb8    0000027c     lcd.obj (.text)
                  00001e34    000001b6     rtsv7M4_T_le_v4SPD16_eabi.lib : fd_add_t2.asm.obj (.text)
                  00001fea    00000002     --HOLE-- [fill = 0]
                  00001fec    0000016c     driverlib.lib : gpio.obj (.text:GPIOPadConfigSet)
                  00002158    00000158     rtsv7M4_T_le_v4SPD16_eabi.lib : e_sqrt.c.obj (.text:sqrt)
                  000022b0    00000136                                   : fd_div_t2.asm.obj (.text)
                  000023e6    00000002     --HOLE-- [fill = 0]
                  000023e8    00000118     driverlib.lib : sysctl.obj (.text:SysCtlClockGet)
                  00002500    00000110     rtsv7M4_T_le_v4SPD16_eabi.lib : s_scalbn.c.obj (.text:scalbn)
                  00002610    000000fc                                   : fd_mul_t2.asm.obj (.text)
                  0000270c    000000f4     driverlib.lib : sysctl.obj (.text:SysCtlClockSet)
                  00002800    000000c4                   : eeprom.obj (.text:EEPROMProgram)
                  000028c4    0000009c     rtsv7M4_T_le_v4SPD16_eabi.lib : memcpy_t2.asm.obj (.text)
                  00002960    00000086                                   : fd_cmp_t2.asm.obj (.text:__aeabi_cdcmple)
                  000029e6    00000086                                   : fd_cmp_t2.asm.obj (.text:__aeabi_cdrcmple)
                  00002a6c    00000068                                   : copy_decompress_lzss.c.obj (.text:decompress:lzss:__TI_decompress_lzss)
                  00002ad4    00000050     driverlib.lib : sysctl.obj (.text:SysCtlPeripheralReset)
                  00002b24    0000004c                   : gpio.obj (.text:GPIOPinConfigure)
                  00002b70    00000048     rtsv7M4_T_le_v4SPD16_eabi.lib : fd_toi_t2.asm.obj (.text)
                  00002bb8    00000046     driverlib.lib : uart.obj (.text:UARTConfigSetExpClk)
                  00002bfe    00000002     --HOLE-- [fill = 0]
                  00002c00    00000044     rtsv7M4_T_le_v4SPD16_eabi.lib : autoinit.c.obj (.text:__TI_auto_init_nobinit_nopinit:__TI_auto_init_nobinit_nopinit)
                  00002c44    00000040     driverlib.lib : eeprom.obj (.text:EEPROMInit)
                  00002c84    0000003c                   : ssi.obj (.text:SSIConfigSetExpClk)
                  00002cc0    0000003c                   : eeprom.obj (.text:_EEPROMSectorMaskSet)
                  00002cfc    00000038                   : eeprom.obj (.text:EEPROMRead)
                  00002d34    00000034                   : sysctl.obj (.text:SysCtlPeripheralEnable)
                  00002d68    00000034                   : eeprom.obj (.text:_EEPROMSectorMaskClear)
                  00002d9c    00000034     rtsv7M4_T_le_v4SPD16_eabi.lib : boot_cortex_m.c.obj (.text:_c_int00_noargs:_c_int00_noargs)
                  00002dd0    0000002e                                   : i_tofd_t2.asm.obj (.text)
                  00002dfe    0000002c     driverlib.lib : gpio.obj (.text:GPIODirModeSet)
                  00002e2a    00000002     --HOLE-- [fill = 0]
                  00002e2c    00000020                   : uart.obj (.text:UARTDisable)
                  00002e4c    0000001c     rtsv7M4_T_le_v4SPD16_eabi.lib : copy_zero_init.c.obj (.text:decompress:ZI:__TI_zero_init_nomemset:__TI_zero_init_nomemset)
                  00002e68    0000001a     driverlib.lib : gpio.obj (.text:GPIOPinTypeGPIOOutput)
                  00002e82    0000001a     rtsv7M4_T_le_v4SPD16_eabi.lib : s_copysign.c.obj (.text:copysign)
                  00002e9c    00000016     driverlib.lib : gpio.obj (.text:GPIOPinTypeSSI)
                  00002eb2    00000016                   : gpio.obj (.text:GPIOPinTypeUART)
                  00002ec8    00000014                   : uart.obj (.text:UARTEnable)
                  00002edc    00000010                   : eeprom.obj (.text:_EEPROMWaitForDone)
                  00002eec    0000000e     rtsv7M4_T_le_v4SPD16_eabi.lib : copy_decompress_none.c.obj (.text:decompress:none:__TI_decompress_none)
                  00002efa    0000000c     driverlib.lib : ssi.obj (.text:SSIDataGet)
                  00002f06    0000000c     tm4c123gh6pm_startup_ccs.obj (.text)
                  00002f12    0000000a     driverlib.lib : ssi.obj (.text:SSIDataPut)
                  00002f1c    0000000a                   : ssi.obj (.text:SSIEnable)
                  00002f26    0000000a                   : uart.obj (.text:UARTCharGet)
                  00002f30    0000000a                   : uart.obj (.text:UARTCharPut)
                  00002f3a    00000008                   : ssi.obj (.text:SSIBusy)
                  00002f42    00000002     --HOLE-- [fill = 0]
                  00002f44    00000008     rtsv7M4_T_le_v4SPD16_eabi.lib : errno.c.obj (.text:__aeabi_errno_addr)
                  00002f4c    00000006     driverlib.lib : gpio.obj (.text:GPIOPinWrite)
                  00002f52    00000006                   : sysctl.obj (.text:SysCtlDelay)
                  00002f58    00000004     rtsv7M4_T_le_v4SPD16_eabi.lib : pre_init.c.obj (.text:_system_pre_init)
                  00002f5c    00000004                                   : exit.c.obj (.text:abort:abort)

.const     0    00002f60    00000130     
                  00002f60    00000090     driverlib.lib : gpio.obj (.const:g_pui32GPIOBaseAddrs)
                  00002ff0    0000006c                   : sysctl.obj (.const:g_pui32Xtals)
                  0000305c    00000004     --HOLE-- [fill = 0]
                  00003060    00000030     rtsv7M4_T_le_v4SPD16_eabi.lib : e_pow.c.obj (.const:$O1$$)

.cinit     0    00003090    00000030     
                  00003090    0000000c     (__TI_handler_table)
                  0000309c    00000004     --HOLE-- [fill = 0]
                  000030a0    00000008     (.cinit..bss.load) [load image, compression = zero_init]
                  000030a8    00000007     (.cinit..data.load) [load image, compression = lzss]
                  000030af    00000001     --HOLE-- [fill = 0]
                  000030b0    00000010     (__TI_cinit_table)

.init_array 
*          0    00000000    00000000     UNINITIALIZED

.bss       0    20000200    00000035     UNINITIALIZED
                  20000200    00000010     (.common:rollNo)
                  20000210    00000010     (.common:str)
                  20000220    0000000c     (.common:cardID)
                  2000022c    00000008     (.common:key)
                  20000234    00000001     (.common:status)

.data      0    20000238    00000004     UNINITIALIZED
                  20000238    00000004     rtsv7M4_T_le_v4SPD16_eabi.lib : errno.c.obj (.data)

.stack     0    20000000    00000200     UNINITIALIZED
                  20000000    00000004     rtsv7M4_T_le_v4SPD16_eabi.lib : boot_cortex_m.c.obj (.stack)
                  20000004    000001fc     --HOLE--

__llvm_prf_cnts 
*          0    20000000    00000000     UNINITIALIZED

MODULE SUMMARY

       Module                         code    ro data   rw data
       ------                         ----    -------   -------
    .\
       unregister.obj                 2040    0         53     
       Mfrc522.obj                    1924    0         0      
       lcd.obj                        636     0         0      
       tm4c123gh6pm_startup_ccs.obj   12      620       0      
    +--+------------------------------+-------+---------+---------+
       Total:                         4612    620       53     
                                                               
    C:/ti/TivaWare_C_Series-2.2.0.295/driverlib/ccs/Debug/driverlib.lib
       sysctl.obj                     662     108       0      
       gpio.obj                       560     144       0      
       eeprom.obj                     444     0         0      
       uart.obj                       142     0         0      
       ssi.obj                        100     0         0      
    +--+------------------------------+-------+---------+---------+
       Total:                         1908    252       0      
                                                               
    C:\ti\ccs1210\ccs\tools\compiler\ti-cgt-arm_20.2.7.LTS\lib\rtsv7M4_T_le_v4SPD16_eabi.lib
       e_pow.c.obj                    2512    48        0      
       fd_add_t2.asm.obj              438     0         0      
       e_sqrt.c.obj                   344     0         0      
       fd_div_t2.asm.obj              310     0         0      
       s_scalbn.c.obj                 272     0         0      
       fd_cmp_t2.asm.obj              268     0         0      
       fd_mul_t2.asm.obj              252     0         0      
       memcpy_t2.asm.obj              156     0         0      
       copy_decompress_lzss.c.obj     104     0         0      
       fd_toi_t2.asm.obj              72      0         0      
       autoinit.c.obj                 68      0         0      
       boot_cortex_m.c.obj            52      0         0      
       i_tofd_t2.asm.obj              46      0         0      
       copy_zero_init.c.obj           28      0         0      
       s_copysign.c.obj               26      0         0      
       copy_decompress_none.c.obj     14      0         0      
       errno.c.obj                    8       0         4      
       exit.c.obj                     4       0         0      
       pre_init.c.obj                 4       0         0      
    +--+------------------------------+-------+---------+---------+
       Total:                         4978    48        4      
                                                               
       Stack:                         0       0         512    
       Linker Generated:              0       43        0      
    +--+------------------------------+-------+---------+---------+
       Grand Total:                   11498   963       569    


LINKER GENERATED COPY TABLES

__TI_cinit_table @ 000030b0 records: 2, size/record: 8, table size: 16
	.bss: load addr=000030a0, load size=00000008 bytes, run addr=20000200, run size=00000035 bytes, compression=zero_init
	.data: load addr=000030a8, load size=00000007 bytes, run addr=20000238, run size=00000004 bytes, compression=lzss


LINKER GENERATED HANDLER TABLE

__TI_handler_table @ 00003090 records: 3, size/record: 4, table size: 12
	index: 0, handler: __TI_decompress_lzss
	index: 1, handler: __TI_decompress_none
	index: 2, handler: __TI_zero_init


GLOBAL SYMBOLS: SORTED ALPHABETICALLY BY Name 

address   name                          
-------   ----                          
0000157d  AntennaOff                    
0000155d  AntennaOn                     
00001805  Anticoll                      
000019ab  Auth                          
00002f5d  C$$EXIT                       
00001895  CalulateCRC                   
00001533  ClearBitMask                  
00002c45  EEPROMInit                    
00002801  EEPROMProgram                 
00002cfd  EEPROMRead                    
00002dff  GPIODirModeSet                
00001fed  GPIOPadConfigSet              
00002b25  GPIOPinConfigure              
00002e69  GPIOPinTypeGPIOOutput         
00002e9d  GPIOPinTypeSSI                
00002eb3  GPIOPinTypeUART               
00002f4d  GPIOPinWrite                  
00001b8d  Halt                          
00001595  Init                          
00001a63  ReadBlock                     
000014c7  ReadReg                       
00001603  Request                       
00001589  Reset                         
00002f07  ResetISR                      
00001435  SPI_transfer                  
00001463  SPI_transferW                 
00002f3b  SSIBusy                       
00002c85  SSIConfigSetExpClk            
00002efb  SSIDataGet                    
00002f13  SSIDataPut                    
00002f1d  SSIEnable                     
00001921  SelectTag                     
00001509  SetBitMask                    
000023e9  SysCtlClockGet                
0000270d  SysCtlClockSet                
00002f53  SysCtlDelay                   
00002d35  SysCtlPeripheralEnable        
00002ad5  SysCtlPeripheralReset         
00001651  ToCard                        
00002f27  UARTCharGet                   
00002f31  UARTCharPut                   
00002bb9  UARTConfigSetExpClk           
00002e2d  UARTDisable                   
00002ec9  UARTEnable                    
00001ab7  WriteBlock                    
0000148d  WriteReg                      
20000200  __STACK_END                   
00000200  __STACK_SIZE                  
20000200  __STACK_TOP                   
000030b0  __TI_CINIT_Base               
000030c0  __TI_CINIT_Limit              
00003090  __TI_Handler_Table_Base       
0000309c  __TI_Handler_Table_Limit      
00002c01  __TI_auto_init_nobinit_nopinit
00002a6d  __TI_decompress_lzss          
00002eed  __TI_decompress_none          
ffffffff  __TI_pprof_out_hndl           
ffffffff  __TI_prof_data_size           
ffffffff  __TI_prof_data_start          
00000000  __TI_static_base__            
00002e4d  __TI_zero_init_nomemset       
00002961  __aeabi_cdcmpeq               
00002961  __aeabi_cdcmple               
000029e7  __aeabi_cdrcmple              
00002b71  __aeabi_d2iz                  
00001e3f  __aeabi_dadd                  
000022b1  __aeabi_ddiv                  
00002611  __aeabi_dmul                  
00001e35  __aeabi_dsub                  
00002f45  __aeabi_errno_addr            
00002dd1  __aeabi_i2d                   
000028c5  __aeabi_memcpy                
000028c5  __aeabi_memcpy4               
000028c5  __aeabi_memcpy8               
ffffffff  __binit__                     
ffffffff  __c_args__                    
UNDEFED   __mpu_init                    
20000000  __stack                       
20000000  __start___llvm_prf_cnts       
20000000  __stop___llvm_prf_cnts        
00002d9d  _c_int00_noargs               
UNDEFED   _system_post_cinit            
00002f59  _system_pre_init              
00002f5d  abort                         
ffffffff  binit                         
20000220  cardID                        
00002e83  copysign                      
00002e83  copysignl                     
20000238  errno                         
00000000  g_pfnVectors                  
000012c3  hardware_init                 
2000022c  key                           
00001c61  lcd_char                      
00001c1f  lcd_command                   
00001cc1  lcd_cursor                    
00001d67  lcd_hex                       
00001dad  lcd_hex_char                  
00001bdf  lcd_init                      
00001bb9  lcd_portconfig                
00001ce3  lcd_print                     
00001ca5  lcd_string                    
00002501  ldexp                         
00002501  ldexpl                        
00000c3d  main                          
000028c5  memcpy                        
0000026d  pow                           
0000026d  powl                          
20000200  rollNo                        
00002501  scalbn                        
00002501  scalbnl                       
00002159  sqrt                          
00002159  sqrtl                         
20000234  status                        
20000210  str                           


GLOBAL SYMBOLS: SORTED BY Symbol Address 

address   name                          
-------   ----                          
00000000  __TI_static_base__            
00000000  g_pfnVectors                  
00000200  __STACK_SIZE                  
0000026d  pow                           
0000026d  powl                          
00000c3d  main                          
000012c3  hardware_init                 
00001435  SPI_transfer                  
00001463  SPI_transferW                 
0000148d  WriteReg                      
000014c7  ReadReg                       
00001509  SetBitMask                    
00001533  ClearBitMask                  
0000155d  AntennaOn                     
0000157d  AntennaOff                    
00001589  Reset                         
00001595  Init                          
00001603  Request                       
00001651  ToCard                        
00001805  Anticoll                      
00001895  CalulateCRC                   
00001921  SelectTag                     
000019ab  Auth                          
00001a63  ReadBlock                     
00001ab7  WriteBlock                    
00001b8d  Halt                          
00001bb9  lcd_portconfig                
00001bdf  lcd_init                      
00001c1f  lcd_command                   
00001c61  lcd_char                      
00001ca5  lcd_string                    
00001cc1  lcd_cursor                    
00001ce3  lcd_print                     
00001d67  lcd_hex                       
00001dad  lcd_hex_char                  
00001e35  __aeabi_dsub                  
00001e3f  __aeabi_dadd                  
00001fed  GPIOPadConfigSet              
00002159  sqrt                          
00002159  sqrtl                         
000022b1  __aeabi_ddiv                  
000023e9  SysCtlClockGet                
00002501  ldexp                         
00002501  ldexpl                        
00002501  scalbn                        
00002501  scalbnl                       
00002611  __aeabi_dmul                  
0000270d  SysCtlClockSet                
00002801  EEPROMProgram                 
000028c5  __aeabi_memcpy                
000028c5  __aeabi_memcpy4               
000028c5  __aeabi_memcpy8               
000028c5  memcpy                        
00002961  __aeabi_cdcmpeq               
00002961  __aeabi_cdcmple               
000029e7  __aeabi_cdrcmple              
00002a6d  __TI_decompress_lzss          
00002ad5  SysCtlPeripheralReset         
00002b25  GPIOPinConfigure              
00002b71  __aeabi_d2iz                  
00002bb9  UARTConfigSetExpClk           
00002c01  __TI_auto_init_nobinit_nopinit
00002c45  EEPROMInit                    
00002c85  SSIConfigSetExpClk            
00002cfd  EEPROMRead                    
00002d35  SysCtlPeripheralEnable        
00002d9d  _c_int00_noargs               
00002dd1  __aeabi_i2d                   
00002dff  GPIODirModeSet                
00002e2d  UARTDisable                   
00002e4d  __TI_zero_init_nomemset       
00002e69  GPIOPinTypeGPIOOutput         
00002e83  copysign                      
00002e83  copysignl                     
00002e9d  GPIOPinTypeSSI                
00002eb3  GPIOPinTypeUART               
00002ec9  UARTEnable                    
00002eed  __TI_decompress_none          
00002efb  SSIDataGet                    
00002f07  ResetISR                      
00002f13  SSIDataPut                    
00002f1d  SSIEnable                     
00002f27  UARTCharGet                   
00002f31  UARTCharPut                   
00002f3b  SSIBusy                       
00002f45  __aeabi_errno_addr            
00002f4d  GPIOPinWrite                  
00002f53  SysCtlDelay                   
00002f59  _system_pre_init              
00002f5d  C$$EXIT                       
00002f5d  abort                         
00003090  __TI_Handler_Table_Base       
0000309c  __TI_Handler_Table_Limit      
000030b0  __TI_CINIT_Base               
000030c0  __TI_CINIT_Limit              
20000000  __stack                       
20000000  __start___llvm_prf_cnts       
20000000  __stop___llvm_prf_cnts        
20000200  __STACK_END                   
20000200  __STACK_TOP                   
20000200  rollNo                        
20000210  str                           
20000220  cardID                        
2000022c  key                           
20000234  status                        
20000238  errno                         
ffffffff  __TI_pprof_out_hndl           
ffffffff  __TI_prof_data_size           
ffffffff  __TI_prof_data_start          
ffffffff  __binit__                     
ffffffff  __c_args__                    
ffffffff  binit                         
UNDEFED   __mpu_init                    
UNDEFED   _system_post_cinit            

[114 symbols]
