******************************************************************************
                  TI ARM Linker PC v20.2.7                     
******************************************************************************
>> Linked Wed Apr  5 15:40:56 2023

OUTPUT FILE NAME:   <EDL_MRFC.out>
ENTRY POINT SYMBOL: "_c_int00_noargs"  address: 00002911


MEMORY CONFIGURATION

         name            origin    length      used     unused   attr    fill
----------------------  --------  ---------  --------  --------  ----  --------
  FLASH                 00000000   00040000  00002c28  0003d3d8  R  X
  SRAM                  20000000   00008000  00000239  00007dc7  RW X


SEGMENT ALLOCATION MAP

run origin  load origin   length   init length attrs members
----------  ----------- ---------- ----------- ----- -------
00000000    00000000    00002c28   00002c28    r-x
  00000000    00000000    0000026c   0000026c    r-- .intvecs
  0000026c    0000026c    0000285c   0000285c    r-x .text
  00002ac8    00002ac8    00000130   00000130    r-- .const
  00002bf8    00002bf8    00000030   00000030    r-- .cinit
20000000    20000000    0000023c   00000000    rw-
  20000000    20000000    00000200   00000000    rw- .stack
  20000200    20000200    00000035   00000000    rw- .bss
  20000238    20000238    00000004   00000000    rw- .data


SECTION ALLOCATION MAP

 output                                  attributes/
section   page    origin      length       input sections
--------  ----  ----------  ----------   ----------------
.intvecs   0    00000000    0000026c     
                  00000000    0000026c     tm4c123gh6pm_startup_ccs.obj (.intvecs)

.text      0    0000026c    0000285c     
                  0000026c    000009d0     rtsv7M4_T_le_v4SPD16_eabi.lib : e_pow.c.obj (.text:pow)
                  00000c3c    00000784     Mfrc522.obj (.text)
                  000013c0    000004a0     edl.obj (.text)
                  00001860    0000027c     lcd.obj (.text)
                  00001adc    000001b6     rtsv7M4_T_le_v4SPD16_eabi.lib : fd_add_t2.asm.obj (.text)
                  00001c92    00000002     --HOLE-- [fill = 0]
                  00001c94    0000016c     driverlib.lib : gpio.obj (.text:GPIOPadConfigSet)
                  00001e00    00000158     rtsv7M4_T_le_v4SPD16_eabi.lib : e_sqrt.c.obj (.text:sqrt)
                  00001f58    00000136                                   : fd_div_t2.asm.obj (.text)
                  0000208e    00000002     --HOLE-- [fill = 0]
                  00002090    00000118     driverlib.lib : sysctl.obj (.text:SysCtlClockGet)
                  000021a8    00000110     rtsv7M4_T_le_v4SPD16_eabi.lib : s_scalbn.c.obj (.text:scalbn)
                  000022b8    000000fc                                   : fd_mul_t2.asm.obj (.text)
                  000023b4    000000f4     driverlib.lib : sysctl.obj (.text:SysCtlClockSet)
                  000024a8    0000009c     rtsv7M4_T_le_v4SPD16_eabi.lib : memcpy_t2.asm.obj (.text)
                  00002544    00000086                                   : fd_cmp_t2.asm.obj (.text:__aeabi_cdcmple)
                  000025ca    00000086                                   : fd_cmp_t2.asm.obj (.text:__aeabi_cdrcmple)
                  00002650    00000068                                   : copy_decompress_lzss.c.obj (.text:decompress:lzss:__TI_decompress_lzss)
                  000026b8    00000050     driverlib.lib : sysctl.obj (.text:SysCtlPeripheralReset)
                  00002708    0000004c                   : gpio.obj (.text:GPIOPinConfigure)
                  00002754    00000048     rtsv7M4_T_le_v4SPD16_eabi.lib : fd_toi_t2.asm.obj (.text)
                  0000279c    00000046     driverlib.lib : uart.obj (.text:UARTConfigSetExpClk)
                  000027e2    00000002     --HOLE-- [fill = 0]
                  000027e4    00000044     rtsv7M4_T_le_v4SPD16_eabi.lib : autoinit.c.obj (.text:__TI_auto_init_nobinit_nopinit:__TI_auto_init_nobinit_nopinit)
                  00002828    00000040     driverlib.lib : eeprom.obj (.text:EEPROMInit)
                  00002868    0000003c                   : ssi.obj (.text:SSIConfigSetExpClk)
                  000028a4    00000038                   : eeprom.obj (.text:EEPROMRead)
                  000028dc    00000034                   : sysctl.obj (.text:SysCtlPeripheralEnable)
                  00002910    00000034     rtsv7M4_T_le_v4SPD16_eabi.lib : boot_cortex_m.c.obj (.text:_c_int00_noargs:_c_int00_noargs)
                  00002944    0000002e                                   : i_tofd_t2.asm.obj (.text)
                  00002972    0000002c     driverlib.lib : gpio.obj (.text:GPIODirModeSet)
                  0000299e    00000002     --HOLE-- [fill = 0]
                  000029a0    00000020                   : uart.obj (.text:UARTDisable)
                  000029c0    0000001c     rtsv7M4_T_le_v4SPD16_eabi.lib : copy_zero_init.c.obj (.text:decompress:ZI:__TI_zero_init_nomemset:__TI_zero_init_nomemset)
                  000029dc    0000001a     driverlib.lib : gpio.obj (.text:GPIOPinTypeGPIOOutput)
                  000029f6    0000001a     rtsv7M4_T_le_v4SPD16_eabi.lib : s_copysign.c.obj (.text:copysign)
                  00002a10    00000016     driverlib.lib : gpio.obj (.text:GPIOPinTypeSSI)
                  00002a26    00000016                   : gpio.obj (.text:GPIOPinTypeUART)
                  00002a3c    00000014                   : uart.obj (.text:UARTEnable)
                  00002a50    00000010                   : eeprom.obj (.text:_EEPROMWaitForDone)
                  00002a60    0000000e     rtsv7M4_T_le_v4SPD16_eabi.lib : copy_decompress_none.c.obj (.text:decompress:none:__TI_decompress_none)
                  00002a6e    0000000c     driverlib.lib : ssi.obj (.text:SSIDataGet)
                  00002a7a    0000000c     tm4c123gh6pm_startup_ccs.obj (.text)
                  00002a86    0000000a     driverlib.lib : ssi.obj (.text:SSIDataPut)
                  00002a90    0000000a                   : ssi.obj (.text:SSIEnable)
                  00002a9a    0000000a                   : uart.obj (.text:UARTCharPut)
                  00002aa4    00000008                   : ssi.obj (.text:SSIBusy)
                  00002aac    00000008     rtsv7M4_T_le_v4SPD16_eabi.lib : errno.c.obj (.text:__aeabi_errno_addr)
                  00002ab4    00000006     driverlib.lib : gpio.obj (.text:GPIOPinWrite)
                  00002aba    00000006                   : sysctl.obj (.text:SysCtlDelay)
                  00002ac0    00000004     rtsv7M4_T_le_v4SPD16_eabi.lib : pre_init.c.obj (.text:_system_pre_init)
                  00002ac4    00000004                                   : exit.c.obj (.text:abort:abort)

.const     0    00002ac8    00000130     
                  00002ac8    00000090     driverlib.lib : gpio.obj (.const:g_pui32GPIOBaseAddrs)
                  00002b58    0000006c                   : sysctl.obj (.const:g_pui32Xtals)
                  00002bc4    00000004     --HOLE-- [fill = 0]
                  00002bc8    00000030     rtsv7M4_T_le_v4SPD16_eabi.lib : e_pow.c.obj (.const:$O1$$)

.cinit     0    00002bf8    00000030     
                  00002bf8    0000000c     (__TI_handler_table)
                  00002c04    00000004     --HOLE-- [fill = 0]
                  00002c08    00000008     (.cinit..bss.load) [load image, compression = zero_init]
                  00002c10    00000007     (.cinit..data.load) [load image, compression = lzss]
                  00002c17    00000001     --HOLE-- [fill = 0]
                  00002c18    00000010     (__TI_cinit_table)

.init_array 
*          0    00000000    00000000     UNINITIALIZED

.bss       0    20000200    00000035     UNINITIALIZED
                  20000200    00000010     (.common:rollNo)
                  20000210    00000010     (.common:str)
                  20000220    0000000c     (.common:cardID)
                  2000022c    00000008     (.common:key)
                  20000234    00000001     (.common:status)

.data      0    20000238    00000004     UNINITIALIZED
                  20000238    00000004     rtsv7M4_T_le_v4SPD16_eabi.lib : errno.c.obj (.data)

.stack     0    20000000    00000200     UNINITIALIZED
                  20000000    00000004     rtsv7M4_T_le_v4SPD16_eabi.lib : boot_cortex_m.c.obj (.stack)
                  20000004    000001fc     --HOLE--

__llvm_prf_cnts 
*          0    20000000    00000000     UNINITIALIZED

MODULE SUMMARY

       Module                         code    ro data   rw data
       ------                         ----    -------   -------
    .\
       Mfrc522.obj                    1924    0         0      
       edl.obj                        1184    0         53     
       lcd.obj                        636     0         0      
       tm4c123gh6pm_startup_ccs.obj   12      620       0      
    +--+------------------------------+-------+---------+---------+
       Total:                         3756    620       53     
                                                               
    C:/ti/TivaWare_C_Series-2.2.0.295/driverlib/ccs/Debug/driverlib.lib
       sysctl.obj                     662     108       0      
       gpio.obj                       560     144       0      
       eeprom.obj                     136     0         0      
       uart.obj                       132     0         0      
       ssi.obj                        100     0         0      
    +--+------------------------------+-------+---------+---------+
       Total:                         1590    252       0      
                                                               
    C:\ti\ccs1210\ccs\tools\compiler\ti-cgt-arm_20.2.7.LTS\lib\rtsv7M4_T_le_v4SPD16_eabi.lib
       e_pow.c.obj                    2512    48        0      
       fd_add_t2.asm.obj              438     0         0      
       e_sqrt.c.obj                   344     0         0      
       fd_div_t2.asm.obj              310     0         0      
       s_scalbn.c.obj                 272     0         0      
       fd_cmp_t2.asm.obj              268     0         0      
       fd_mul_t2.asm.obj              252     0         0      
       memcpy_t2.asm.obj              156     0         0      
       copy_decompress_lzss.c.obj     104     0         0      
       fd_toi_t2.asm.obj              72      0         0      
       autoinit.c.obj                 68      0         0      
       boot_cortex_m.c.obj            52      0         0      
       i_tofd_t2.asm.obj              46      0         0      
       copy_zero_init.c.obj           28      0         0      
       s_copysign.c.obj               26      0         0      
       copy_decompress_none.c.obj     14      0         0      
       errno.c.obj                    8       0         4      
       exit.c.obj                     4       0         0      
       pre_init.c.obj                 4       0         0      
    +--+------------------------------+-------+---------+---------+
       Total:                         4978    48        4      
                                                               
       Stack:                         0       0         512    
       Linker Generated:              0       43        0      
    +--+------------------------------+-------+---------+---------+
       Grand Total:                   10324   963       569    


LINKER GENERATED COPY TABLES

__TI_cinit_table @ 00002c18 records: 2, size/record: 8, table size: 16
	.bss: load addr=00002c08, load size=00000008 bytes, run addr=20000200, run size=00000035 bytes, compression=zero_init
	.data: load addr=00002c10, load size=00000007 bytes, run addr=20000238, run size=00000004 bytes, compression=lzss


LINKER GENERATED HANDLER TABLE

__TI_handler_table @ 00002bf8 records: 3, size/record: 4, table size: 12
	index: 0, handler: __TI_decompress_lzss
	index: 1, handler: __TI_decompress_none
	index: 2, handler: __TI_zero_init


GLOBAL SYMBOLS: SORTED ALPHABETICALLY BY Name 

address   name                          
-------   ----                          
00000d85  AntennaOff                    
00000d65  AntennaOn                     
0000100d  Anticoll                      
000011b3  Auth                          
00002ac5  C$$EXIT                       
0000109d  CalulateCRC                   
00000d3b  ClearBitMask                  
00002829  EEPROMInit                    
000028a5  EEPROMRead                    
00002973  GPIODirModeSet                
00001c95  GPIOPadConfigSet              
00002709  GPIOPinConfigure              
000029dd  GPIOPinTypeGPIOOutput         
00002a11  GPIOPinTypeSSI                
00002a27  GPIOPinTypeUART               
00002ab5  GPIOPinWrite                  
00001395  Halt                          
00000d9d  Init                          
0000126b  ReadBlock                     
00000ccf  ReadReg                       
00000e0b  Request                       
00000d91  Reset                         
00002a7b  ResetISR                      
00000c3d  SPI_transfer                  
00000c6b  SPI_transferW                 
00002aa5  SSIBusy                       
00002869  SSIConfigSetExpClk            
00002a6f  SSIDataGet                    
00002a87  SSIDataPut                    
00002a91  SSIEnable                     
00001129  SelectTag                     
00000d11  SetBitMask                    
00002091  SysCtlClockGet                
000023b5  SysCtlClockSet                
00002abb  SysCtlDelay                   
000028dd  SysCtlPeripheralEnable        
000026b9  SysCtlPeripheralReset         
00000e59  ToCard                        
00002a9b  UARTCharPut                   
0000279d  UARTConfigSetExpClk           
000029a1  UARTDisable                   
00002a3d  UARTEnable                    
000012bf  WriteBlock                    
00000c95  WriteReg                      
20000200  __STACK_END                   
00000200  __STACK_SIZE                  
20000200  __STACK_TOP                   
00002c18  __TI_CINIT_Base               
00002c28  __TI_CINIT_Limit              
00002bf8  __TI_Handler_Table_Base       
00002c04  __TI_Handler_Table_Limit      
000027e5  __TI_auto_init_nobinit_nopinit
00002651  __TI_decompress_lzss          
00002a61  __TI_decompress_none          
ffffffff  __TI_pprof_out_hndl           
ffffffff  __TI_prof_data_size           
ffffffff  __TI_prof_data_start          
00000000  __TI_static_base__            
000029c1  __TI_zero_init_nomemset       
00002545  __aeabi_cdcmpeq               
00002545  __aeabi_cdcmple               
000025cb  __aeabi_cdrcmple              
00002755  __aeabi_d2iz                  
00001ae7  __aeabi_dadd                  
00001f59  __aeabi_ddiv                  
000022b9  __aeabi_dmul                  
00001add  __aeabi_dsub                  
00002aad  __aeabi_errno_addr            
00002945  __aeabi_i2d                   
000024a9  __aeabi_memcpy                
000024a9  __aeabi_memcpy4               
000024a9  __aeabi_memcpy8               
ffffffff  __binit__                     
ffffffff  __c_args__                    
UNDEFED   __mpu_init                    
20000000  __stack                       
20000000  __start___llvm_prf_cnts       
20000000  __stop___llvm_prf_cnts        
00002911  _c_int00_noargs               
UNDEFED   _system_post_cinit            
00002ac1  _system_pre_init              
00002ac5  abort                         
ffffffff  binit                         
20000220  cardID                        
000029f7  copysign                      
000029f7  copysignl                     
20000238  errno                         
00000000  g_pfnVectors                  
00001701  hardware_init                 
2000022c  key                           
00001909  lcd_char                      
000018c7  lcd_command                   
00001969  lcd_cursor                    
00001a0f  lcd_hex                       
00001a55  lcd_hex_char                  
00001887  lcd_init                      
00001861  lcd_portconfig                
0000198b  lcd_print                     
0000194d  lcd_string                    
000021a9  ldexp                         
000021a9  ldexpl                        
000013c1  main                          
000024a9  memcpy                        
0000026d  pow                           
0000026d  powl                          
20000200  rollNo                        
000021a9  scalbn                        
000021a9  scalbnl                       
00001e01  sqrt                          
00001e01  sqrtl                         
20000234  status                        
20000210  str                           


GLOBAL SYMBOLS: SORTED BY Symbol Address 

address   name                          
-------   ----                          
00000000  __TI_static_base__            
00000000  g_pfnVectors                  
00000200  __STACK_SIZE                  
0000026d  pow                           
0000026d  powl                          
00000c3d  SPI_transfer                  
00000c6b  SPI_transferW                 
00000c95  WriteReg                      
00000ccf  ReadReg                       
00000d11  SetBitMask                    
00000d3b  ClearBitMask                  
00000d65  AntennaOn                     
00000d85  AntennaOff                    
00000d91  Reset                         
00000d9d  Init                          
00000e0b  Request                       
00000e59  ToCard                        
0000100d  Anticoll                      
0000109d  CalulateCRC                   
00001129  SelectTag                     
000011b3  Auth                          
0000126b  ReadBlock                     
000012bf  WriteBlock                    
00001395  Halt                          
000013c1  main                          
00001701  hardware_init                 
00001861  lcd_portconfig                
00001887  lcd_init                      
000018c7  lcd_command                   
00001909  lcd_char                      
0000194d  lcd_string                    
00001969  lcd_cursor                    
0000198b  lcd_print                     
00001a0f  lcd_hex                       
00001a55  lcd_hex_char                  
00001add  __aeabi_dsub                  
00001ae7  __aeabi_dadd                  
00001c95  GPIOPadConfigSet              
00001e01  sqrt                          
00001e01  sqrtl                         
00001f59  __aeabi_ddiv                  
00002091  SysCtlClockGet                
000021a9  ldexp                         
000021a9  ldexpl                        
000021a9  scalbn                        
000021a9  scalbnl                       
000022b9  __aeabi_dmul                  
000023b5  SysCtlClockSet                
000024a9  __aeabi_memcpy                
000024a9  __aeabi_memcpy4               
000024a9  __aeabi_memcpy8               
000024a9  memcpy                        
00002545  __aeabi_cdcmpeq               
00002545  __aeabi_cdcmple               
000025cb  __aeabi_cdrcmple              
00002651  __TI_decompress_lzss          
000026b9  SysCtlPeripheralReset         
00002709  GPIOPinConfigure              
00002755  __aeabi_d2iz                  
0000279d  UARTConfigSetExpClk           
000027e5  __TI_auto_init_nobinit_nopinit
00002829  EEPROMInit                    
00002869  SSIConfigSetExpClk            
000028a5  EEPROMRead                    
000028dd  SysCtlPeripheralEnable        
00002911  _c_int00_noargs               
00002945  __aeabi_i2d                   
00002973  GPIODirModeSet                
000029a1  UARTDisable                   
000029c1  __TI_zero_init_nomemset       
000029dd  GPIOPinTypeGPIOOutput         
000029f7  copysign                      
000029f7  copysignl                     
00002a11  GPIOPinTypeSSI                
00002a27  GPIOPinTypeUART               
00002a3d  UARTEnable                    
00002a61  __TI_decompress_none          
00002a6f  SSIDataGet                    
00002a7b  ResetISR                      
00002a87  SSIDataPut                    
00002a91  SSIEnable                     
00002a9b  UARTCharPut                   
00002aa5  SSIBusy                       
00002aad  __aeabi_errno_addr            
00002ab5  GPIOPinWrite                  
00002abb  SysCtlDelay                   
00002ac1  _system_pre_init              
00002ac5  C$$EXIT                       
00002ac5  abort                         
00002bf8  __TI_Handler_Table_Base       
00002c04  __TI_Handler_Table_Limit      
00002c18  __TI_CINIT_Base               
00002c28  __TI_CINIT_Limit              
20000000  __stack                       
20000000  __start___llvm_prf_cnts       
20000000  __stop___llvm_prf_cnts        
20000200  __STACK_END                   
20000200  __STACK_TOP                   
20000200  rollNo                        
20000210  str                           
20000220  cardID                        
2000022c  key                           
20000234  status                        
20000238  errno                         
ffffffff  __TI_pprof_out_hndl           
ffffffff  __TI_prof_data_size           
ffffffff  __TI_prof_data_start          
ffffffff  __binit__                     
ffffffff  __c_args__                    
ffffffff  binit                         
UNDEFED   __mpu_init                    
UNDEFED   _system_post_cinit            

[112 symbols]
